// Jest Snapshot v1, https://goo.gl/fbAQLP

exports[`Footer snapshot 1`] = `
<footer>
  <ul>
    <li
      id="siteName"
    >
      Clayton Game Corner
    </li>
    <li
      id="siteEmail"
    >
      <address>
        <a
          href="mailto:claytongamecorner@gmail.com"
        >
          Contact
        </a>
      </address>
    </li>
  </ul>
</footer>
`;
