// Jest Snapshot v1, https://goo.gl/fbAQLP

exports[`LandingPage snapshot 1`] = `
<Fragment>
  <Header />
  <section
    className="notFoundPage"
  >
    <h2>
       404 - Page not found 
    </h2>
    <p>
       Try returning to previous page. 
    </p>
  </section>
</Fragment>
`;
