// Jest Snapshot v1, https://goo.gl/fbAQLP

exports[`Nav snapshot 1`] = `
<ContextConsumer>
  <Component />
</ContextConsumer>
`;
